
> servertpt@1.0.0 lint:fix D:\Projects\tplt\server
> eslint src/**/*.js --fix


D:\Projects\tplt\server\src\controllers\ItemsController.js
   6:11  error  'items' is assigned a value but never used  no-unused-vars
   9:9   error  'songs' is not defined                      no-undef
  10:18  error  Expected consistent spacing                 standard/object-curly-even-spacing
  18:16  error  'quotes' is not defined                     no-undef

D:\Projects\tplt\server\src\controllers\model1Controller.js
   8:7   error  'model_data' is not defined                      no-undef
   8:7   error  Identifier 'model_data' is not in camel case     camelcase
  11:16  error  'model_data' is not defined                      no-undef
  20:7   error  'response' is not defined                        no-undef
  25:10  error  Unexpected tab character                         no-tabs
  26:16  error  'response' is not defined                        no-undef
  27:10  error  Unexpected tab character                         no-tabs
  35:8   error  Unexpected tab character                         no-tabs
  36:8   error  Unexpected tab character                         no-tabs
  38:11  error  'model1data' is assigned a value but never used  no-unused-vars
  39:7   error  'resp' is not defined                            no-undef
  40:16  error  'resp' is not defined                            no-undef
  48:10  error  Unexpected tab character                         no-tabs
  50:6   error  Unexpected tab character                         no-tabs
  51:6   error  Unexpected tab character                         no-tabs
  52:7   error  'quote' is not defined                           no-undef

D:\Projects\tplt\server\src\controllers\TncController.js
   9:9   error  'songs' is not defined  no-undef
   9:23  error  'Song' is not defined   no-undef
  34:27  error  'Song' is not defined   no-undef
  54:13  error  'Song' is not defined   no-undef

D:\Projects\tplt\server\src\models\index.js
  22:2  error  Unexpected tab character  no-tabs
  22:2  error  Mixed spaces and tabs     no-mixed-spaces-and-tabs

D:\Projects\tplt\server\src\models\quoItm.js
  4:2  error  Unexpected tab character  no-tabs
  4:2  error  Mixed spaces and tabs     no-mixed-spaces-and-tabs
  5:2  error  Unexpected tab character  no-tabs
  5:2  error  Mixed spaces and tabs     no-mixed-spaces-and-tabs
  6:2  error  Unexpected tab character  no-tabs
  6:2  error  Mixed spaces and tabs     no-mixed-spaces-and-tabs
  7:2  error  Unexpected tab character  no-tabs
  7:2  error  Mixed spaces and tabs     no-mixed-spaces-and-tabs

D:\Projects\tplt\server\src\models\quotation.js
  4:2  error  Unexpected tab character  no-tabs
  4:2  error  Mixed spaces and tabs     no-mixed-spaces-and-tabs
  5:2  error  Unexpected tab character  no-tabs
  5:2  error  Mixed spaces and tabs     no-mixed-spaces-and-tabs
  6:2  error  Unexpected tab character  no-tabs
  6:2  error  Mixed spaces and tabs     no-mixed-spaces-and-tabs
  7:2  error  Unexpected tab character  no-tabs
  7:2  error  Mixed spaces and tabs     no-mixed-spaces-and-tabs

D:\Projects\tplt\server\src\models\quoTc.js
  4:2  error  Unexpected tab character  no-tabs
  4:2  error  Mixed spaces and tabs     no-mixed-spaces-and-tabs
  5:2  error  Unexpected tab character  no-tabs
  5:2  error  Mixed spaces and tabs     no-mixed-spaces-and-tabs
  6:2  error  Unexpected tab character  no-tabs
  6:2  error  Mixed spaces and tabs     no-mixed-spaces-and-tabs
  7:2  error  Unexpected tab character  no-tabs
  7:2  error  Mixed spaces and tabs     no-mixed-spaces-and-tabs

D:\Projects\tplt\server\src\routes.js
  47:2  error  Unexpected tab character  no-tabs

✖ 51 problems (51 errors, 0 warnings)

